
> hexfield@ check /Users/duke/Dev/Personal/colonist-p2p
> pnpm typecheck && pnpm lint && pnpm format:check && pnpm deps:check && pnpm purity:check && pnpm i18n:check && pnpm test


> hexfield@ typecheck /Users/duke/Dev/Personal/colonist-p2p
> pnpm --filter @cp2p/web routes:generate && tsc -b && pnpm typecheck:tests && pnpm typecheck:engine


> @cp2p/web@0.0.0 routes:generate /Users/duke/Dev/Personal/colonist-p2p/apps/web
> tsr generate

(node:58922) Warning: Accessing non-existent property 'replaceRouteChunk' of module exports inside circular dependency
(Use `node --trace-warnings ...` to show where the warning was created)

> hexfield@ typecheck:tests /Users/duke/Dev/Personal/colonist-p2p
> tsc -p tsconfig.test.json --noEmit


> hexfield@ typecheck:engine /Users/duke/Dev/Personal/colonist-p2p
> node tools/check-engine-types.mjs

Engine production types reject document and process.

> hexfield@ lint /Users/duke/Dev/Personal/colonist-p2p
> oxlint --type-aware --deny-warnings .


> hexfield@ format:check /Users/duke/Dev/Personal/colonist-p2p
> oxfmt --check .

Checking formatting...

All matched files use the correct format.
Finished in 1121ms on 881 files using 12 threads.

> hexfield@ deps:check /Users/duke/Dev/Personal/colonist-p2p
> depcruise --config .dependency-cruiser.cjs apps packages tools && node tools/check-boundaries.mjs


✔ no dependency violations found (559 modules, 3385 dependencies cruised)

engine → react is rejected: passed.
engine → node:fs is rejected: passed.
package → app is rejected: passed.
renderer runtime package import is rejected: passed.
renderer engine type-only package import is allowed: passed.
renderer geometry entry stays isolated from engine rules: passed.
pipeline → genesis RNG is rejected: passed.
pipeline → RNG type-only import is allowed: passed.
undeclared sibling module import is rejected: passed.
module setup → genesis RNG is allowed: passed.
module entry → setup binding is allowed: passed.
rule handler → RNG setup reexport is rejected: passed.
rule handler → module entry reexport is rejected: passed.
resolved React import outside web is rejected: passed.
codec → @noble/hashes is allowed: passed.

> hexfield@ purity:check /Users/duke/Dev/Personal/colonist-p2p
> node tools/check-engine-purity.mjs

Engine purity check passed.

> hexfield@ i18n:check /Users/duke/Dev/Personal/colonist-p2p
> node tools/check-i18n-keys.mjs

Unused English translation: common:welcome
Unused English translation: common:pageMissing
Unused English translation: common:pageError
Unused English translation: game:devCardsShort
Unused English translation: game:victoryPoints
Unused English translation: game:finalScore
Unused English translation: game:piece.road
Unused English translation: game:piece.settlement
Unused English translation: game:piece.city
Unused English translation: game:confirm.road
Unused English translation: game:confirm.settlement
Unused English translation: game:confirm.city
Unused English translation: game:buildAction.settlement
Unused English translation: game:buildAction.road
Unused English translation: game:buildAction.city
Unused English translation: game:buildAction.freeRoad
Unused English translation: game:buildAction.robber
Unused English translation: game:targetOption
Unused English translation: game:terrain.hills
Unused English translation: game:terrain.forest
Unused English translation: game:terrain.pasture
Unused English translation: game:terrain.fields
Unused English translation: game:terrain.mountains
Unused English translation: game:terrain.desert
Unused English translation: game:command.SKIP
Unused English translation: lobby:savedTurn
Unused English translation: lobby:saveFailed
Unused English translation: rules:plenty.first
Unused English translation: rules:plenty.second
Unused English translation: log:tradeAccepted
Unused English translation: log:tradeDeclined
Checked 380 translation keys across 6 namespaces.

> hexfield@ test /Users/duke/Dev/Personal/colonist-p2p
> vitest run

 DEPRECATED  The workspace file is deprecated and will be removed in the next major. Please, use the `test.projects` field in /Users/duke/Dev/Personal/colonist-p2p/vitest.config.ts instead.

 RUN  v3.2.7 /Users/duke/Dev/Personal/colonist-p2p

 ✓ |@cp2p/protocol| src/steal-replica.test.ts (1 test) 25602ms
   ✓ a live hidden steal survives a dropped delivery and restart with one private transfer  25601ms
 ✓ |@cp2p/protocol| src/trade-replica.test.ts (1 test) 30647ms
   ✓ live uncertain-hand trade retries fresh parents, survives restart, and replays both owners  30647ms
 ✓ |@cp2p/protocol| src/count-replica.test.ts (1 test) 44683ms
   ✓ live verified Monopoly count replication > certifies owner count contributions and folds private hands after a legal Monopoly  44682ms
 ✓ |@cp2p/protocol| src/recovery-participant.test.ts (5 tests) 19152ms
   ✓ recovery participant > withholds checks until all original shares arrive, then forms a certified activation  10711ms
   ✓ recovery participant > copies caller keys and context before awaiting the journal  944ms
   ✓ recovery participant > suppresses all outgoing packets if the durable parent advances during preparation  963ms
 ✓ |@cp2p/protocol| src/recovery-check.test.ts (8 tests) 14318ms
   ✓ honest recovery activation check > persists the exact check after reconstructing every affected seat  722ms
   ✓ honest recovery activation check > produced checks certify an activation at the next epoch  2339ms
   ✓ honest recovery activation check > wrong master, incomplete roster and stale controller never sign  737ms
   ✓ honest recovery activation check > refuses a changed durable parent after storing and disposes reconstruction  761ms
   ✓ honest recovery activation check > refuses a different immutable check at the same parent  1400ms
   ✓ honest recovery activation check > private persistence failure prevents publishing an activation check  709ms
   ✓ honest recovery activation check > recovered secret reads reject corrupt records and uncertified recipients  1437ms
 ✓ |@cp2p/protocol| src/recovery-release.test.ts (5 tests) 10485ms
   ✓ certified authorization permits all original holders to release and reconstruct exactly their committed master  2330ms
   ✓ a proposal, invalid certificate, wrong game and unauthorized recipient never write release bytes  735ms
   ✓ a lost write reply retains exact encrypted bytes for retry and a corrupt record is never overwritten  710ms
   ✓ a signed encrypted bogus share fails its original opening without blaming the dealer master  315ms
   ✓ a changed durable head suppresses a prepared release until it is retried against current authorization  520ms
 ✓ |@cp2p/protocol| src/recovery-replica.test.ts (1 test) 12005ms
   ✓ live certified recovery > gossips authorization during a frozen beacon and activates under the remaining quorum  12004ms
 ✓ |@cp2p/protocol| src/beacon-log.test.ts (9 tests) 13243ms
   ✓ certified beacon log integration > derives initial START_SEAT from signed reveals and replays the same crypto snapshot  5596ms
   ✓ certified beacon log integration > one human with bots needs exactly that human reveal and certificate  5428ms
   ✓ certified beacon log integration > certifies a state-preserving exhausted-chain extension before the next real dice result  808ms
   ✓ certified beacon log integration > certifies a victim transfer and atomically folds the hidden result from its signed receipt  960ms
 ✓ |@cp2p/protocol| src/cheat-log.test.ts (1 test) 7960ms
   ✓ certified cheat records > replays historical signed evidence through an earlier finding without changing engine state  7960ms
 ✓ |@cp2p/protocol| src/deck-log.test.ts (3 tests) 7682ms
   ✓ certified deck log > real certified setup, beacon rolls and purchase produce one privately decodable public deal  2105ms
 ✓ |@cp2p/protocol| src/escrow-ceremony.test.ts (4 tests) 6761ms
   ✓ completion validates the signed entry and exact deck transcript before sealing the registry  6204ms
 ✓ |@cp2p/engine| src/modules/base/setup/board/index.test.ts (6 tests) 6667ms
   ✓ standard board generation > 10,000 balanced seeds with strictBalance=false  970ms
   ✓ standard board generation > 10,000 balanced seeds with strictBalance=true  5692ms
 ✓ |@cp2p/protocol| src/genesis-escrow.test.ts (14 tests) 6275ms
   ✓ verified genesis escrow transcript > aggregate admission validates a real four-human deck and escrow before the callback  5446ms
 ✓ |@cp2p/protocol| src/recovery-inbox.test.ts (3 tests) 6878ms
   ✓ public recovery inbox > keeps only one valid release per share slot and exposes ciphertext by recipient  655ms
 ✓ |@cp2p/protocol| src/retired-safety.test.ts (3 tests) 6133ms
 ✓ |@cp2p/protocol| src/recovery-membership.test.ts (3 tests) 6211ms
 ✓ |@cp2p/protocol| src/beacon-replica.test.ts (7 tests) 31808ms
   ✓ verified beacon contribution replication > needs both human tips before START_SEAT can be certified, then converges  9021ms
   ✓ verified beacon contribution replication > repeated complete reveals do not recompute or write while votes are missing  3976ms
   ✓ verified beacon contribution replication > one human with bots certifies its START_SEAT from one real reveal  6524ms
   ✓ verified beacon contribution replication > certifies chain extension before the next reveal and dice result  3582ms
   ✓ verified beacon contribution replication > storage failure cannot broadcast a reveal or vote  1346ms
   ✓ verified beacon contribution replication > restore retransmits the exact durable local contribution  3626ms
   ✓ verified beacon contribution replication > retries persisted contribution after transient contribution and heartbeat send errors  3732ms
 ✓ |@cp2p/protocol| src/private-replay.test.ts (4 tests) 5012ms
   ✓ certified private history reconstruction > rebuilds each exact hand from legal production and retains only requested seats  608ms
   ✓ certified private history reconstruction > checks historical extensions against the master, including a changed chain length  631ms
   ✓ certified private history reconstruction > rejects an honestly signed extension unrelated to the committed master  744ms
   ✓ certified private history reconstruction > validates certificates before attributing any master mismatch  377ms
 ✓ |@cp2p/protocol| src/recovery-readiness.test.ts (10 tests) 6163ms
 ✓ |@cp2p/crypto| src/shuffle.test.ts (10 tests) 4322ms
   ✓ compact single-key shuffle proof > keeps original proof bytes across deck sizes, keys, permutations, and contexts  630ms
   ✓ compact single-key shuffle proof > verifies a non-involutive old→new permutation and explicit/compact transcript equivalence  440ms
   ✓ compact single-key shuffle proof > contracts an independently constructed explicit proof with forward equations  405ms
   ✓ compact single-key shuffle proof > rejects a mathematically valid shuffle transcript over duplicate deck points  309ms
   ✓ compact single-key shuffle proof > rejects guessed challenge openings for an independently constructed false shuffle  365ms
   ✓ compact single-key shuffle proof > is deterministic for retransmission and changes nonce material with complete statement/context  776ms
   ✓ compact single-key shuffle proof > rejects bit flips, response changes, round reordering and wrong key or deck  702ms
   ✓ compact single-key shuffle proof > rejects substituted/re-keyed outputs, duplicate or identity points and false witnesses  306ms
 ✓ |@cp2p/crypto| src/range.test.ts (12 tests) 3714ms
   ✓ range proof > proves every six-bit value and independently checks weighted sum and shared equations  3207ms
 ✓ |@cp2p/protocol| src/genesis-outbox.test.ts (4 tests) 3221ms
   ✓ durable verified genesis consent > persists consent before returning and retries exact bytes after restart  2787ms
 ✓ |@cp2p/protocol| src/deck-genesis.test.ts (6 tests) 3698ms
   ✓ deck genesis commitments > creates a full signed small-deck commitment and hashes each complete pass  369ms
   ✓ deck genesis commitments > shape-only genesis validation and mandatory pre-sign proof replay remain distinct  625ms
 ✓ |@cp2p/protocol| src/steal-delivery.test.ts (11 tests) 3151ms
   ✓ signed hidden-steal delivery > opens a genuine signed transfer and binds the receipt to the fixed entry and body  460ms
   ✓ signed hidden-steal delivery > uses the same sealed ciphertext length for every resource index  1659ms
   ✓ signed hidden-steal delivery > refuses an authenticated bad opening and accepts only its genuine recipient dispute  465ms
 ✓ |@cp2p/protocol| src/genesis-secrets.test.ts (8 tests) 2955ms
 ✓ |@cp2p/protocol| src/genesis.test.ts (10 tests) 3087ms
   ✓ genesis validation > requires the canonical base deck despite a permissive callback and forbids stub commitments  2698ms
 ✓ |@cp2p/protocol| src/p2p-session.test.ts (20 tests) 3180ms
   ✓ P2PSession > committedEntry sees input-null control entries live and during restore  381ms
   ✓ P2PSession > restore reconstructs the owner hand, historical exclusion: false  618ms
   ✓ P2PSession > restore reconstructs the owner hand, historical exclusion: true  483ms
 ✓ |@cp2p/crypto| src/hidden-transfer.test.ts (11 tests) 2557ms
   ✓ hidden card transfer proofs > proves index zero and the last index across zero-valued resource gaps  777ms
   ✓ hidden card transfer proofs > supports prefixes and total hands above 63 with each component six-bit bounded  319ms
   ✓ hidden card transfer proofs > supports the maximum eight resource components  655ms
 ✓ |@cp2p/protocol| src/consensus-adversarial.test.ts (24 tests) 2882ms
 ✓ |@cp2p/protocol| src/deck-setup-outbox.test.ts (5 tests) 2038ms
   ✓ durable deck setup outbox > persists each real shuffle and lock before return and replays the complete setup  445ms
   ✓ durable deck setup outbox > refuses a divergent valid prior history under the same immutable actor-phase key  439ms
   ✓ durable deck setup outbox > does not return a new pass when persistence fails or a conflicting writer wins  752ms
 ✓ |@cp2p/engine| test/golden.test.ts (22 tests) 1909ms
 ✓ |@cp2p/protocol| src/steal-contributions.test.ts (7 tests) 2274ms
   ✓ durable hidden-steal contributions and responses > persists exact contribution bytes and restores them without calling the producer  458ms
   ✓ durable hidden-steal contributions and responses > returns a competing valid put-if-absent winner  632ms
 ✓ |@cp2p/sim| src/run-game.test.ts (5 tests) 1807ms
   ✓ simulation runner > every enumerated action validates in at least 2,000 real player states  1182ms
   ✓ simulation runner > discrete placement enumeration matches brute-force validation across live states  570ms
 ✓ |@cp2p/protocol| src/escrow-lifecycle.test.ts (13 tests) 1805ms
   ✓ approved, durable escrow distribution lifecycle > clears envelopes and retains headroom when retiring a near-capacity registry  763ms
 ✓ |@cp2p/sim| src/golden.test.ts (7 tests) 1895ms
   ✓ golden replay updates > generates and verifies the accepted bank-shortage prefix  815ms
   ✓ golden replay updates > regenerates baselines from an older engine version  498ms
 ✓ |@cp2p/protocol| src/deck-envelope.test.ts (1 test) 1195ms
   ✓ six-seat base deck wire envelope bounds > a real 25-card shuffle proof fits full proposal, commit and two-proposal accusation envelopes  1194ms
 ✓ |@cp2p/engine| src/core/resources/bounds.test.ts (14 tests) 1409ms
   ✓ resource counts and bounds > preserves a hidden true hand over 10,000 operation sequences  1339ms
 ✓ |@cp2p/protocol| src/cheat-proof.test.ts (5 tests) 1633ms
   ✓ objective cheat proofs > requires committed deck pass hash and authenticates the next unlock before proof classification  400ms
   ✓ objective cheat proofs > flags a signed bad beacon link and hidden transfer proof only at their frozen operations  408ms
   ✓ objective cheat proofs > distinguishes certified bad delivery from an authenticated false dispute  672ms
 ✓ |@cp2p/protocol| src/deck-setup.test.ts (6 tests) 1115ms
   ✓ signed deck setup > maps unique card identities and replays ordered shuffle and lock proofs  435ms
   ✓ signed deck setup > rejects substituted points, re-keyed shuffles and altered lock proofs even when re-signed  486ms
 ✓ |@cp2p/protocol| src/deck-pass-cache.test.ts (3 tests) 1207ms
   ✓ bounded success-only deck pass proof memo > a warm shuffle/lock pass still returns detached validated state  412ms
   ✓ bounded success-only deck pass proof memo > the same actor at a divergent validated predecessor cannot use a warmed result  524ms
 ✓ |@cp2p/protocol| src/steal-inbox.test.ts (5 tests) 945ms
   ✓ hidden-steal inbox > orders victim contribution, fixed transfer, and receipt completion  458ms
   ✓ hidden-steal inbox > valid disputes take priority and completed or disputed operations suppress candidates  433ms
 ✓ |@cp2p/engine| src/core/geometry/index.test.ts (5 tests) 797ms
   ✓ pointy-top board geometry > random connected sets have consistent incidence and symmetric neighbors  786ms
 ✓ |@cp2p/sim| src/fuzz.test.ts (3 tests) 635ms
   ✓ seeded fuzz exercises balanced index, per-key omission, pending, and private audit paths  630ms
 ✓ |@cp2p/protocol| src/escrow-dispute.test.ts (14 tests) 676ms
 ✓ |@cp2p/protocol| src/trade-proof-delivery.test.ts (7 tests) 585ms
 ✓ |@cp2p/protocol| src/hand-trade.test.ts (2 tests) 607ms
   ✓ verified gross player trades > 'active offer' requires both owners’ debit proofs  332ms
 ✓ |@cp2p/protocol| src/verified-session-driver.test.ts (10 tests) 688ms
   ✓ VerifiedSessionDriver safety boundaries > prepares both steal roles and folds a certified hidden transfer atomically on replay  533ms
 ✓ |@cp2p/crypto| src/cds.test.ts (6 tests) 439ms
 ✓ |@cp2p/protocol| src/deck-ledger.test.ts (6 tests) 508ms
 ✓ |@cp2p/protocol| src/trade-session.test.ts (10 tests) 525ms
 ✓ |@cp2p/protocol| src/consensus-review.test.ts (23 tests) 412ms
 ✓ |@cp2p/sim| src/cli.test.ts (7 tests) 441ms
   ✓ failure replay > a local card deal uses its recorded private identity when the mutant omits it  349ms
 ✓ |@cp2p/protocol| src/consensus.test.ts (13 tests) 403ms
 ✓ |@cp2p/protocol| src/deck-draw.test.ts (17 tests) 501ms
 ✓ |@cp2p/protocol| src/hand-transition.test.ts (7 tests) 334ms
 ✓ |@cp2p/protocol| src/escrow-distribution.test.ts (9 tests) 308ms
 ✓ |@cp2p/sim| src/resource-accounting.test.ts (2 tests) 289ms
 ✓ |@cp2p/protocol| src/consensus-controller.test.ts (14 tests) 274ms
 ✓ |@cp2p/engine| src/modules/base/test/scenario.test.ts (2 tests) 224ms
 ✓ |@cp2p/p2p| src/web-rtc-transport.test.ts (15 tests) 211ms
 ✓ |@cp2p/sim| src/batch.test.ts (1 test) 187ms
 ✓ |@cp2p/crypto| src/feldman.test.ts (7 tests) 197ms
 ✓ |@cp2p/protocol| src/count-state.test.ts (5 tests) 220ms
 ✓ |@cp2p/protocol| src/count-contributions.test.ts (8 tests) 195ms
 ✓ |@cp2p/p2p| src/peer-link.test.ts (27 tests) 140ms
 ✓ |@cp2p/protocol| src/replay.test.ts (4 tests) 135ms
 ✓ |@cp2p/protocol| src/count-reveal.test.ts (5 tests) 158ms
 ✓ |@cp2p/protocol| src/proposal.test.ts (6 tests) 124ms
 ❯ |@cp2p/protocol| src/log.test.ts (6 tests | 1 failed) 127ms
   ✓ signed commands and next log entries > applies a signed system start and a legal signed command without mutating its context 45ms
   ✓ signed commands and next log entries > binds each command to game, signer, nonce, exact parent and live engine legality 19ms
   ✓ signed commands and next log entries > rejects wrong entry position, term, parent, signer, and claimed state hash 18ms
   × signed commands and next log entries > requires bound stub evidence and excludes private card identity and seat status 18ms
     → expected 'recovery-context' to be 'membership-unavailable' // Object.is equality
   ✓ signed commands and next log entries > requires command and verified-system proof callbacks before applying 18ms
   ✓ signed commands and next log entries > returns detached command and entry payloads after caller mutation 9ms
 ✓ |@cp2p/protocol| src/control.test.ts (5 tests) 131ms
 ✓ |@cp2p/protocol| src/replicated-log.test.ts (22 tests) 1158ms
 ✓ |@cp2p/protocol| src/deck-inbox.test.ts (4 tests) 132ms
 ✓ |@cp2p/protocol| src/genesis-encryption.test.ts (4 tests) 100ms
 ✓ |@cp2p/signaling| src/room-core.test.ts (10 tests) 79ms
 ✓ |@cp2p/crypto| src/seal.test.ts (7 tests) 72ms
 ✓ |@cp2p/protocol| src/steal-proof-cache.test.ts (1 test) 88ms
 ✓ |@cp2p/protocol| src/journal.test.ts (5 tests) 68ms
 ✓ |@cp2p/protocol| src/beacon-state.test.ts (5 tests) 93ms
 ✓ |@cp2p/crypto| src/sigma.test.ts (11 tests) 83ms
 ✓ |@cp2p/protocol| src/testing/simulation-genesis.test.ts (10 tests) 71ms
 ✓ |@cp2p/p2p| src/server-signaling.test.ts (7 tests) 74ms
 ✓ |@cp2p/protocol| src/beacon-contributions.test.ts (7 tests) 75ms
 ✓ |@cp2p/protocol| src/beacon-extension.test.ts (5 tests) 68ms
 ✓ |@cp2p/protocol| src/beacon.test.ts (4 tests) 67ms
 ✓ |@cp2p/storage| src/indexed-db-protocol-journal.test.ts (6 tests) 94ms
 ✓ |@cp2p/engine| src/modules/base/awards/index.test.ts (7 tests) 63ms
 ✓ |@cp2p/protocol| src/authority.test.ts (4 tests) 62ms
 ✓ |@cp2p/protocol| src/escrow-roster.test.ts (9 tests) 58ms
 ✓ |@cp2p/protocol| src/trade-proof-network.test.ts (2 tests) 60ms
 ✓ |@cp2p/protocol| src/votes.test.ts (5 tests) 48ms
 ✓ |@cp2p/protocol| src/testing/simulation-driver.test.ts (5 tests) 48ms
 ✓ |@cp2p/sim| src/net-adversary.test.ts (1 test) 56ms
 ✓ |@cp2p/crypto| src/identity.test.ts (6 tests) 52ms
 ✓ |@cp2p/protocol| src/hand-commitments.test.ts (4 tests) 47ms
 ✓ |@cp2p/p2p| src/framing.test.ts (7 tests) 48ms
 ✓ |@cp2p/signaling| src/server.test.ts (4 tests) 44ms
 ✓ |@cp2p/engine| src/modules/base/placement/batch.test.ts (1 test) 45ms
 ✓ |@cp2p/protocol| src/deck-source.test.ts (4 tests) 27ms
 ✓ |@cp2p/sim| src/provenance.test.ts (1 test) 43ms
 ✓ |@cp2p/web| src/session/local-session.test.ts (7 tests) 56ms
 ✓ |@cp2p/protocol| src/deck-draw-context.test.ts (2 tests) 42ms
 ✓ |@cp2p/web| src/features/game/stats.test.ts (4 tests) 41ms
 ✓ |@cp2p/sim| src/replay.test.ts (8 tests) 37ms
 ✓ |@cp2p/p2p| src/signaling-envelope.test.ts (3 tests) 33ms
 ✓ |@cp2p/bots| src/random-bot.test.ts (5 tests) 37ms
 ✓ |@cp2p/web| src/queries/transfers.test.ts (2 tests) 41ms
 ✓ |@cp2p/engine| src/modules/base/rules.test.ts (21 tests) 28ms
 ✓ |@cp2p/engine| src/modules/base/test/robber-timeout.test.ts (17 tests) 19ms
 ✓ |@cp2p/crypto| src/group.test.ts (8 tests) 25ms
 ✓ |@cp2p/web| src/store/session-store.test.ts (9 tests) 33ms
 ✓ |@cp2p/engine| src/modules/base/base.test.ts (2 tests) 22ms
 ✓ |@cp2p/engine| src/modules/base/effects.test.ts (10 tests) 23ms
 ✓ |@cp2p/protocol| src/resource-accounting.test.ts (5 tests) 22ms
 ✓ |@cp2p/engine| src/core/rng/index.test.ts (5 tests) 18ms
 ✓ |@cp2p/engine| src/core/pipeline/engine.test.ts (20 tests) 20ms
 ✓ |@cp2p/engine| src/core/enumerate.test.ts (3 tests) 18ms
 ✓ |@cp2p/protocol| src/messages.test.ts (17 tests) 16ms
 ✓ |@cp2p/crypto| src/hash-chain.test.ts (3 tests) 14ms
 ✓ |@cp2p/engine| src/modules/base/test/legal.test.ts (8 tests) 14ms
 ✓ |@cp2p/engine| src/modules/base/test/options-invariants.test.ts (10 tests) 12ms
 ✓ |@cp2p/engine| src/modules/base/test/negative-rules.test.ts (4 tests) 14ms
 ✓ |@cp2p/web| src/features/board/toRenderModel.test.ts (3 tests) 11ms
 ✓ |@cp2p/protocol| src/random-derivations.test.ts (11 tests) 12ms
 ✓ |@cp2p/web| src/features/game/session-registry.test.ts (1 test) 12ms
 ✓ |@cp2p/web| src/features/game/save-coordinator.test.ts (1 test) 11ms
 ✓ |@cp2p/web| src/features/game/visual-effects.test.ts (3 tests) 11ms
 ✓ |@cp2p/storage| src/indexed-db-byte-store.test.ts (9 tests) 14ms
 ✓ |@cp2p/protocol| src/wire.test.ts (7 tests) 10ms
 ✓ |@cp2p/protocol| src/steal-source.test.ts (4 tests) 11ms
 ✓ |@cp2p/crypto| src/derivation.test.ts (5 tests) 10ms
 ✓ |@cp2p/protocol| src/beacon-source.test.ts (4 tests) 10ms
 ✓ |@cp2p/engine| src/core/pipeline/input-keys.test.ts (5 tests) 6ms
 ✓ |@cp2p/protocol| src/schemas.test.ts (5 tests) 8ms
 ✓ |@cp2p/maps| src/index.test.ts (2 tests) 6ms
 ✓ |@cp2p/protocol| src/hand-source.test.ts (3 tests) 7ms
 ✓ |@cp2p/engine| src/modules/base/placement/index.test.ts (4 tests) 6ms
 ✓ |@cp2p/web| src/session/random.test.ts (3 tests) 6ms
 ✓ |@cp2p/sim| src/random-source.test.ts (2 tests) 6ms
 ✓ |@cp2p/crypto| src/uniform.test.ts (3 tests) 5ms
 ✓ |@cp2p/protocol| src/testing/memnet.test.ts (10 tests) 5ms
 ✓ |@cp2p/protocol| src/engine-codec.test.ts (1 test) 5ms
 ✓ |@cp2p/codec| src/canonical.test.ts (8 tests) 5ms
stdout | src/features/game/event-format.test.ts
🌐 i18next is made possible by our own product, Locize — consider powering your project with managed localization (AI, CDN, integrations): https://locize.com 💙

 ✓ |@cp2p/web| src/features/game/event-format.test.ts (3 tests) 5ms
 ✓ |@cp2p/web| src/features/actions/availability.test.ts (3 tests) 4ms
 ✓ |@cp2p/engine| src/core/modules/registry.test.ts (4 tests) 3ms
 ✓ |@cp2p/renderer| src/harborLayout.test.ts (3 tests) 4ms
 ✓ |@cp2p/protocol| src/safety-store.test.ts (5 tests) 3ms
 ✓ |@cp2p/engine| src/modules/base/board/index.test.ts (2 tests) 3ms
 ✓ |@cp2p/storage| src/game-writer.test.ts (5 tests) 4ms
 ✓ |@cp2p/web| src/queries/hooks.test.ts (1 test) 3ms
 ✓ |@cp2p/sim| src/net-batch.test.ts (14 tests) 3ms
 ✓ |@cp2p/renderer| src/tokenLayout.test.ts (3 tests) 3ms
 ✓ |@cp2p/protocol| src/testing/virtual-clock.test.ts (5 tests) 3ms
 ✓ |@cp2p/engine| src/core/state/json.test.ts (3 tests) 2ms
 ✓ |@cp2p/engine| src/core/resources/counts-cache.test.ts (1 test) 2ms
 ✓ |@cp2p/renderer| src/input/hitTest.test.ts (4 tests) 2ms
 ✓ |@cp2p/engine| src/core/state/json-validation.test.ts (1 test) 2ms
 ✓ |@cp2p/web| src/session/scheduling.test.ts (2 tests) 2ms
 ✓ |@cp2p/renderer| src/effectMotion.test.ts (2 tests) 2ms
 ✓ |@cp2p/renderer| src/appearance.test.ts (2 tests) 2ms
 ✓ |@cp2p/web| src/features/game/placement-confirmation-layout.test.ts (1 test) 2ms
 ✓ |@cp2p/renderer| src/assets/terrainTextures.test.ts (4 tests) 2ms
 ✓ |@cp2p/renderer| src/input/camera.test.ts (3 tests) 1ms
 ✓ |@cp2p/crypto| src/index.test.ts (1 test) 1ms
 ✓ |@cp2p/p2p| src/index.test.ts (1 test) 1ms
 ✓ |@cp2p/engine| src/index.test.ts (1 test) 1ms
 ✓ |@cp2p/bots| src/index.test.ts (1 test) 1ms
 ✓ |@cp2p/renderer| src/index.test.ts (1 test) 1ms
 ✓ |@cp2p/codec| src/index.test.ts (1 test) 1ms
 ✓ |@cp2p/protocol| src/index.test.ts (1 test) 1ms
 ✓ |@cp2p/storage| src/index.test.ts (1 test) 1ms
stdout | src/features/board/BoardView.test.tsx
🌐 i18next is made possible by our own product, Locize — consider powering your project with managed localization (AI, CDN, integrations): https://locize.com 💙

 ✓ |@cp2p/web| src/features/board/BoardView.test.tsx (3 tests) 145ms
stdout | src/features/dialogs/forms.test.tsx
🌐 i18next is made possible by our own product, Locize — consider powering your project with managed localization (AI, CDN, integrations): https://locize.com 💙

stdout | src/features/trade/trade.test.tsx
🌐 i18next is made possible by our own product, Locize — consider powering your project with managed localization (AI, CDN, integrations): https://locize.com 💙

 ✓ |@cp2p/web| src/features/dialogs/forms.test.tsx (4 tests) 84ms
 ✓ |@cp2p/web| src/features/trade/trade.test.tsx (6 tests) 121ms
stdout | src/features/devtools/devtools.test.tsx
🌐 i18next is made possible by our own product, Locize — consider powering your project with managed localization (AI, CDN, integrations): https://locize.com 💙

 ✓ |@cp2p/web| src/features/devtools/devtools.test.tsx (2 tests) 72ms
 ✓ |@cp2p/web| src/queries/replay-query.test.tsx (1 test) 69ms
 ✓ |@cp2p/web| src/features/game/production-receipts.test.tsx (3 tests) 19ms
 ✓ |@cp2p/web| src/queries/repositories/repositories.test.ts (5 tests) 4ms
stdout | src/features/game/DiceRollReadout.test.tsx
🌐 i18next is made possible by our own product, Locize — consider powering your project with managed localization (AI, CDN, integrations): https://locize.com 💙

 ✓ |@cp2p/web| src/config.test.ts (1 test) 1ms
 ✓ |@cp2p/web| src/features/game/DiceRollReadout.test.tsx (2 tests) 21ms
 ✓ |@cp2p/protocol| src/deck-replica.test.ts (7 tests | 1 skipped) 161980ms
   ✓ live verified deck replication > automatically certifies an owned victory card after a transient reveal-source failure  27462ms
   ✓ live verified deck replication > rejects a verified driver with missing hosted or extra foreign private seats before opening a journal  5645ms
   ✓ live verified deck replication > relays a certified draw through a third human without its direct first prefix  28487ms
   ✓ live verified deck replication > certifies a legal first draw with 'one human hosting three consecutive b…'  11714ms
   ✓ live verified deck replication > certifies a legal first draw with 'four human voters'  45161ms
   ✓ live verified deck replication > gossips durable unlocks after a legal purchase and restores a dropped unlock  43509ms

⎯⎯⎯⎯⎯⎯⎯ Failed Tests 1 ⎯⎯⎯⎯⎯⎯⎯

 FAIL  |@cp2p/protocol| src/log.test.ts > signed commands and next log entries > requires bound stub evidence and excludes private card identity and seat status
AssertionError: expected 'recovery-context' to be 'membership-unavailable' // Object.is equality

Expected: "membership-unavailable"
Received: "recovery-context"

 ❯ src/log.test.ts:286:76
    284|       ),
    285|     ).toBe('membership-required');
    286|     expect(validate(payload({ kind: 'membership', change: { seat: 0 } …
       |                                                                            ^
    287|       'membership-unavailable',
    288|     );

⎯⎯⎯⎯⎯⎯⎯⎯⎯⎯⎯⎯⎯⎯⎯⎯⎯⎯⎯⎯⎯⎯⎯⎯[1/1]⎯


 Test Files  1 failed | 180 passed (181)
      Tests  1 failed | 1090 passed | 1 skipped (1092)
   Start at  04:30:54
   Duration  162.68s (transform 4.36s, setup 0ms, collect 22.17s, tests 496.52s, environment 1.28s, prepare 5.83s)

 ELIFECYCLE  Test failed. See above for more details.
 ELIFECYCLE  Command failed with exit code 1.
