
> hexfield@ check /Users/duke/Dev/Personal/colonist-p2p
> pnpm typecheck && pnpm lint && pnpm format:check && pnpm deps:check && pnpm purity:check && pnpm i18n:check && pnpm test


> hexfield@ typecheck /Users/duke/Dev/Personal/colonist-p2p
> pnpm --filter @cp2p/web routes:generate && tsc -b && pnpm typecheck:tests && pnpm typecheck:engine


> @cp2p/web@0.0.0 routes:generate /Users/duke/Dev/Personal/colonist-p2p/apps/web
> tsr generate

(node:27744) Warning: Accessing non-existent property 'replaceRouteChunk' of module exports inside circular dependency
(Use `node --trace-warnings ...` to show where the warning was created)

> hexfield@ typecheck:tests /Users/duke/Dev/Personal/colonist-p2p
> tsc -p tsconfig.test.json --noEmit


> hexfield@ typecheck:engine /Users/duke/Dev/Personal/colonist-p2p
> node tools/check-engine-types.mjs

Engine production types reject document and process.

> hexfield@ lint /Users/duke/Dev/Personal/colonist-p2p
> oxlint --type-aware --deny-warnings .


> hexfield@ format:check /Users/duke/Dev/Personal/colonist-p2p
> oxfmt --check .

Checking formatting...

All matched files use the correct format.
Finished in 1205ms on 908 files using 12 threads.

> hexfield@ deps:check /Users/duke/Dev/Personal/colonist-p2p
> depcruise --config .dependency-cruiser.cjs apps packages tools && node tools/check-boundaries.mjs


✔ no dependency violations found (578 modules, 3586 dependencies cruised)

engine → react is rejected: passed.
engine → node:fs is rejected: passed.
package → app is rejected: passed.
renderer runtime package import is rejected: passed.
renderer engine type-only package import is allowed: passed.
renderer geometry entry stays isolated from engine rules: passed.
pipeline → genesis RNG is rejected: passed.
pipeline → RNG type-only import is allowed: passed.
undeclared sibling module import is rejected: passed.
module setup → genesis RNG is allowed: passed.
module entry → setup binding is allowed: passed.
rule handler → RNG setup reexport is rejected: passed.
rule handler → module entry reexport is rejected: passed.
resolved React import outside web is rejected: passed.
codec → @noble/hashes is allowed: passed.

> hexfield@ purity:check /Users/duke/Dev/Personal/colonist-p2p
> node tools/check-engine-purity.mjs

Engine purity check passed.

> hexfield@ i18n:check /Users/duke/Dev/Personal/colonist-p2p
> node tools/check-i18n-keys.mjs

Unused English translation: common:welcome
Unused English translation: common:pageMissing
Unused English translation: common:pageError
Unused English translation: game:devCardsShort
Unused English translation: game:victoryPoints
Unused English translation: game:finalScore
Unused English translation: game:piece.road
Unused English translation: game:piece.settlement
Unused English translation: game:piece.city
Unused English translation: game:confirm.road
Unused English translation: game:confirm.settlement
Unused English translation: game:confirm.city
Unused English translation: game:buildAction.settlement
Unused English translation: game:buildAction.road
Unused English translation: game:buildAction.city
Unused English translation: game:buildAction.freeRoad
Unused English translation: game:buildAction.robber
Unused English translation: game:targetOption
Unused English translation: game:terrain.hills
Unused English translation: game:terrain.forest
Unused English translation: game:terrain.pasture
Unused English translation: game:terrain.fields
Unused English translation: game:terrain.mountains
Unused English translation: game:terrain.desert
Unused English translation: game:command.SKIP
Unused English translation: lobby:savedTurn
Unused English translation: lobby:saveFailed
Unused English translation: rules:plenty.first
Unused English translation: rules:plenty.second
Unused English translation: log:tradeAccepted
Unused English translation: log:tradeDeclined
Checked 380 translation keys across 6 namespaces.

> hexfield@ test /Users/duke/Dev/Personal/colonist-p2p
> vitest run

 DEPRECATED  The workspace file is deprecated and will be removed in the next major. Please, use the `test.projects` field in /Users/duke/Dev/Personal/colonist-p2p/vitest.config.ts instead.

 RUN  v3.2.7 /Users/duke/Dev/Personal/colonist-p2p

 ✓ |@cp2p/protocol| src/master-reveal.test.ts (3 tests) 48775ms
   ✓ post-result master disclosure > persists exact signed output, retries after restart and accepts one authenticated master  4804ms
   ✓ post-result master disclosure > rejects forged sender, altered result and F0 mismatch before accepting disclosure  1943ms
 ✓ |@cp2p/protocol| src/audit.test.ts (5 tests) 52869ms
   ✓ certified end-game audit > passes a complete certified victory and identifies the first result  5928ms
   ✓ certified end-game audit > requires a certified terminal result  890ms
   ✓ certified end-game audit > keeps missing and bad supplied masters out of owner violations  1967ms
   ✓ certified end-game audit > detects a false private draw at the certified victory claim  2020ms
 ✓ |@cp2p/protocol| src/end-game-session.test.ts (1 test) 55585ms
   ✓ finished sessions retry reveals, audit separately and cancel a closing worker  55584ms
 ✓ |@cp2p/protocol| src/beacon-replica.test.ts (7 tests) 31973ms
   ✓ verified beacon contribution replication > needs both human tips before START_SEAT can be certified, then converges  9054ms
   ✓ verified beacon contribution replication > repeated complete reveals do not recompute or write while votes are missing  3918ms
   ✓ verified beacon contribution replication > one human with bots certifies its START_SEAT from one real reveal  6790ms
   ✓ verified beacon contribution replication > certifies chain extension before the next reveal and dice result  3657ms
   ✓ verified beacon contribution replication > storage failure cannot broadcast a reveal or vote  1378ms
   ✓ verified beacon contribution replication > restore retransmits the exact durable local contribution  3707ms
   ✓ verified beacon contribution replication > retries persisted contribution after transient contribution and heartbeat send errors  3467ms
 ✓ |@cp2p/protocol| src/trade-replica.test.ts (1 test) 30548ms
   ✓ live uncertain-hand trade retries fresh parents, survives restart, and replays both owners  30547ms
 ✓ |@cp2p/protocol| src/count-replica.test.ts (1 test) 44493ms
   ✓ live verified Monopoly count replication > certifies owner count contributions and folds private hands after a legal Monopoly  44492ms
 ✓ |@cp2p/protocol| src/recovery-replica.test.ts (2 tests) 23744ms
   ✓ live certified recovery > gossips authorization during a frozen beacon and activates under the remaining quorum  6227ms
   ✓ live certified recovery > exchanges durable releases and checks, then finishes the carried beacon with the replacement key  11540ms
 ✓ |@cp2p/protocol| src/steal-replica.test.ts (1 test) 25876ms
   ✓ a live hidden steal survives a dropped delivery and restart with one private transfer  25875ms
 ✓ |@cp2p/protocol| src/p2p-recovery.test.ts (1 test) 21008ms
   ✓ a surviving session recovers a bot, finishes the frozen beacon and resumes it after restart  21008ms
 ✓ |@cp2p/protocol| src/recovery-check.test.ts (8 tests) 14181ms
   ✓ honest recovery activation check > persists the exact check after reconstructing every affected seat  723ms
   ✓ honest recovery activation check > produced checks certify an activation at the next epoch  2358ms
   ✓ honest recovery activation check > wrong master, incomplete roster and stale controller never sign  725ms
   ✓ honest recovery activation check > refuses a changed durable parent after storing and disposes reconstruction  700ms
   ✓ honest recovery activation check > refuses a different immutable check at the same parent  1415ms
   ✓ honest recovery activation check > private persistence failure prevents publishing an activation check  726ms
   ✓ honest recovery activation check > recovered secret reads reject corrupt records and uncertified recipients  1396ms
 ✓ |@cp2p/protocol| src/beacon-log.test.ts (9 tests) 13294ms
   ✓ certified beacon log integration > derives initial START_SEAT from signed reveals and replays the same crypto snapshot  5589ms
   ✓ certified beacon log integration > one human with bots needs exactly that human reveal and certificate  5441ms
   ✓ certified beacon log integration > certifies a state-preserving exhausted-chain extension before the next real dice result  796ms
   ✓ certified beacon log integration > certifies a victim transfer and atomically folds the hidden result from its signed receipt  966ms
 ✓ |@cp2p/protocol| src/recovery-participant.test.ts (5 tests) 18968ms
   ✓ recovery participant > withholds checks until all original shares arrive, then forms a certified activation  10607ms
   ✓ recovery participant > copies caller keys and context before awaiting the journal  1000ms
   ✓ recovery participant > suppresses all outgoing packets if the durable parent advances during preparation  977ms
 ✓ |@cp2p/protocol| src/recovery-release.test.ts (5 tests) 10591ms
   ✓ certified authorization permits all original holders to release and reconstruct exactly their committed master  2316ms
   ✓ a proposal, invalid certificate, wrong game and unauthorized recipient never write release bytes  749ms
   ✓ a lost write reply retains exact encrypted bytes for retry and a corrupt record is never overwritten  708ms
   ✓ a signed encrypted bogus share fails its original opening without blaming the dealer master  313ms
   ✓ a changed durable head suppresses a prepared release until it is retried against current authorization  527ms
 ✓ |@cp2p/protocol| src/recovered-host.test.ts (4 tests) 8838ms
   ✓ recovered host restore > restores an active hosted bot at the exact certified parent and wipes owned keys  767ms
   ✓ recovered host restore > pending seats and another host cannot restore recovered ownership  376ms
   ✓ recovered host restore > missing private record and advanced journal head release no keys  935ms
   ✓ recovered host restore > copies requested seats before journal I/O  741ms
 ✓ |@cp2p/protocol| src/cheat-log.test.ts (1 test) 7952ms
   ✓ certified cheat records > replays historical signed evidence through an earlier finding without changing engine state  7952ms
 ✓ |@cp2p/protocol| src/deck-log.test.ts (3 tests) 7886ms
   ✓ certified deck log > real certified setup, beacon rolls and purchase produce one privately decodable public deal  2112ms
 ✓ |@cp2p/protocol| src/recovery-inbox.test.ts (3 tests) 7097ms
   ✓ public recovery inbox > keeps only one valid release per share slot and exposes ciphertext by recipient  702ms
 ✓ |@cp2p/protocol| src/verified-session-driver.test.ts (11 tests) 7839ms
   ✓ VerifiedSessionDriver safety boundaries > prepares both steal roles and folds a certified hidden transfer atomically on replay  541ms
   ✓ VerifiedSessionDriver safety boundaries > adopts only a nonoverlapping recovered bot at the identical verified head  7145ms
 ✓ |@cp2p/protocol| src/escrow-ceremony.test.ts (4 tests) 6718ms
   ✓ completion validates the signed entry and exact deck transcript before sealing the registry  6182ms
 ✓ |@cp2p/protocol| src/recovery-readiness.test.ts (10 tests) 6108ms
 ✓ |@cp2p/engine| src/modules/base/setup/board/index.test.ts (6 tests) 6683ms
   ✓ standard board generation > 10,000 balanced seeds with strictBalance=false  989ms
   ✓ standard board generation > 10,000 balanced seeds with strictBalance=true  5688ms
 ✓ |@cp2p/protocol| src/recovery-membership.test.ts (3 tests) 6107ms
 ✓ |@cp2p/protocol| src/retired-safety.test.ts (3 tests) 5960ms
 ✓ |@cp2p/protocol| src/genesis-escrow.test.ts (14 tests) 6292ms
   ✓ verified genesis escrow transcript > aggregate admission validates a real four-human deck and escrow before the callback  5445ms
 ✓ |@cp2p/crypto| src/range.test.ts (12 tests) 3735ms
   ✓ range proof > proves every six-bit value and independently checks weighted sum and shared equations  3238ms
 ✓ |@cp2p/crypto| src/shuffle.test.ts (10 tests) 4349ms
   ✓ compact single-key shuffle proof > keeps original proof bytes across deck sizes, keys, permutations, and contexts  636ms
   ✓ compact single-key shuffle proof > verifies a non-involutive old→new permutation and explicit/compact transcript equivalence  458ms
   ✓ compact single-key shuffle proof > contracts an independently constructed explicit proof with forward equations  406ms
   ✓ compact single-key shuffle proof > rejects a mathematically valid shuffle transcript over duplicate deck points  314ms
   ✓ compact single-key shuffle proof > rejects guessed challenge openings for an independently constructed false shuffle  362ms
   ✓ compact single-key shuffle proof > is deterministic for retransmission and changes nonce material with complete statement/context  790ms
   ✓ compact single-key shuffle proof > rejects bit flips, response changes, round reordering and wrong key or deck  690ms
   ✓ compact single-key shuffle proof > rejects substituted/re-keyed outputs, duplicate or identity points and false witnesses  305ms
 ✓ |@cp2p/protocol| src/private-replay.test.ts (4 tests) 5077ms
   ✓ certified private history reconstruction > rebuilds each exact hand from legal production and retains only requested seats  635ms
   ✓ certified private history reconstruction > checks historical extensions against the master, including a changed chain length  631ms
   ✓ certified private history reconstruction > rejects an honestly signed extension unrelated to the committed master  743ms
   ✓ certified private history reconstruction > validates certificates before attributing any master mismatch  391ms
 ✓ |@cp2p/protocol| src/deck-replica.test.ts (7 tests | 1 skipped) 163783ms
   ✓ live verified deck replication > automatically certifies an owned victory card after a transient reveal-source failure  27539ms
   ✓ live verified deck replication > rejects a verified driver with missing hosted or extra foreign private seats before opening a journal  5560ms
   ✓ live verified deck replication > relays a certified draw through a third human without its direct first prefix  28603ms
   ✓ live verified deck replication > certifies a legal first draw with 'one human hosting three consecutive b…'  11866ms
   ✓ live verified deck replication > certifies a legal first draw with 'four human voters'  44132ms
   ✓ live verified deck replication > gossips durable unlocks after a legal purchase and restores a dropped unlock  46082ms
 ✓ |@cp2p/protocol| src/deck-genesis.test.ts (6 tests) 3687ms
   ✓ deck genesis commitments > creates a full signed small-deck commitment and hashes each complete pass  372ms
   ✓ deck genesis commitments > shape-only genesis validation and mandatory pre-sign proof replay remain distinct  614ms
 ✓ |@cp2p/protocol| src/p2p-session.test.ts (22 tests) 3184ms
   ✓ P2PSession > committedEntry sees input-null control entries live and during restore  306ms
   ✓ P2PSession > restore reconstructs the owner hand, historical exclusion: false  508ms
   ✓ P2PSession > restore reconstructs the owner hand, historical exclusion: true  453ms
 ✓ |@cp2p/protocol| src/genesis-outbox.test.ts (4 tests) 3163ms
   ✓ durable verified genesis consent > persists consent before returning and retries exact bytes after restart  2742ms
 ✓ |@cp2p/protocol| src/steal-delivery.test.ts (11 tests) 3080ms
   ✓ signed hidden-steal delivery > opens a genuine signed transfer and binds the receipt to the fixed entry and body  457ms
   ✓ signed hidden-steal delivery > uses the same sealed ciphertext length for every resource index  1647ms
   ✓ signed hidden-steal delivery > refuses an authenticated bad opening and accepts only its genuine recipient dispute  441ms
 ✓ |@cp2p/protocol| src/genesis-secrets.test.ts (8 tests) 2832ms
 ✓ |@cp2p/protocol| src/genesis.test.ts (10 tests) 3037ms
   ✓ genesis validation > requires the canonical base deck despite a permissive callback and forbids stub commitments  2670ms
 ✓ |@cp2p/protocol| src/consensus-adversarial.test.ts (24 tests) 2582ms
 ✓ |@cp2p/crypto| src/hidden-transfer.test.ts (11 tests) 2326ms
   ✓ hidden card transfer proofs > proves index zero and the last index across zero-valued resource gaps  720ms
   ✓ hidden card transfer proofs > supports the maximum eight resource components  557ms
 ✓ |@cp2p/protocol| src/deck-setup-outbox.test.ts (5 tests) 1985ms
   ✓ durable deck setup outbox > persists each real shuffle and lock before return and replays the complete setup  442ms
   ✓ durable deck setup outbox > refuses a divergent valid prior history under the same immutable actor-phase key  409ms
   ✓ durable deck setup outbox > does not return a new pass when persistence fails or a conflicting writer wins  728ms
 ✓ |@cp2p/protocol| src/steal-contributions.test.ts (7 tests) 2211ms
   ✓ durable hidden-steal contributions and responses > persists exact contribution bytes and restores them without calling the producer  459ms
   ✓ durable hidden-steal contributions and responses > returns a competing valid put-if-absent winner  597ms
 ✓ |@cp2p/engine| test/golden.test.ts (22 tests) 1866ms
 ✓ |@cp2p/sim| src/golden.test.ts (7 tests) 1802ms
   ✓ golden replay updates > generates and verifies the accepted bank-shortage prefix  744ms
   ✓ golden replay updates > regenerates baselines from an older engine version  500ms
 ✓ |@cp2p/engine| src/core/resources/bounds.test.ts (14 tests) 1338ms
   ✓ resource counts and bounds > preserves a hidden true hand over 10,000 operation sequences  1271ms
 ✓ |@cp2p/sim| src/run-game.test.ts (5 tests) 1673ms
   ✓ simulation runner > every enumerated action validates in at least 2,000 real player states  1081ms
   ✓ simulation runner > discrete placement enumeration matches brute-force validation across live states  543ms
 ✓ |@cp2p/protocol| src/cheat-proof.test.ts (5 tests) 1551ms
   ✓ objective cheat proofs > requires committed deck pass hash and authenticates the next unlock before proof classification  379ms
   ✓ objective cheat proofs > flags a signed bad beacon link and hidden transfer proof only at their frozen operations  396ms
   ✓ objective cheat proofs > distinguishes certified bad delivery from an authenticated false dispute  641ms
 ✓ |@cp2p/protocol| src/escrow-lifecycle.test.ts (13 tests) 1666ms
   ✓ approved, durable escrow distribution lifecycle > clears envelopes and retains headroom when retiring a near-capacity registry  693ms
 ✓ |@cp2p/protocol| src/deck-pass-cache.test.ts (3 tests) 1139ms
   ✓ bounded success-only deck pass proof memo > a warm shuffle/lock pass still returns detached validated state  389ms
   ✓ bounded success-only deck pass proof memo > the same actor at a divergent validated predecessor cannot use a warmed result  490ms
 ✓ |@cp2p/protocol| src/deck-envelope.test.ts (1 test) 1124ms
   ✓ six-seat base deck wire envelope bounds > a real 25-card shuffle proof fits full proposal, commit and two-proposal accusation envelopes  1123ms
 ✓ |@cp2p/protocol| src/deck-setup.test.ts (6 tests) 1044ms
   ✓ signed deck setup > maps unique card identities and replays ordered shuffle and lock proofs  399ms
   ✓ signed deck setup > rejects substituted points, re-keyed shuffles and altered lock proofs even when re-signed  462ms
 ✓ |@cp2p/protocol| src/replicated-log.test.ts (22 tests) 1130ms
 ✓ |@cp2p/engine| src/core/geometry/index.test.ts (5 tests) 775ms
   ✓ pointy-top board geometry > random connected sets have consistent incidence and symmetric neighbors  765ms
 ✓ |@cp2p/sim| src/fuzz.test.ts (3 tests) 645ms
   ✓ seeded fuzz exercises balanced index, per-key omission, pending, and private audit paths  640ms
 ✓ |@cp2p/protocol| src/escrow-dispute.test.ts (14 tests) 684ms
 ✓ |@cp2p/protocol| src/steal-inbox.test.ts (5 tests) 904ms
   ✓ hidden-steal inbox > orders victim contribution, fixed transfer, and receipt completion  447ms
   ✓ hidden-steal inbox > valid disputes take priority and completed or disputed operations suppress candidates  405ms
 ✓ |@cp2p/protocol| src/deck-ledger.test.ts (6 tests) 520ms
 ✓ |@cp2p/protocol| src/trade-proof-delivery.test.ts (7 tests) 590ms
 ✓ |@cp2p/protocol| src/hand-trade.test.ts (2 tests) 606ms
   ✓ verified gross player trades > 'active offer' requires both owners’ debit proofs  334ms
 ✓ |@cp2p/protocol| src/trade-session.test.ts (10 tests) 520ms
 ✓ |@cp2p/crypto| src/cds.test.ts (6 tests) 460ms
 ✓ |@cp2p/protocol| src/consensus-review.test.ts (23 tests) 434ms
 ✓ |@cp2p/protocol| src/hand-transition.test.ts (7 tests) 349ms
 ✓ |@cp2p/protocol| src/consensus.test.ts (13 tests) 432ms
 ✓ |@cp2p/sim| src/cli.test.ts (7 tests) 482ms
   ✓ failure replay > a local card deal uses its recorded private identity when the mutant omits it  386ms
 ✓ |@cp2p/protocol| src/deck-draw.test.ts (17 tests) 531ms
 ✓ |@cp2p/engine| src/modules/base/test/scenario.test.ts (2 tests) 221ms
 ✓ |@cp2p/protocol| src/escrow-distribution.test.ts (9 tests) 306ms
 ✓ |@cp2p/sim| src/resource-accounting.test.ts (2 tests) 291ms
 ✓ |@cp2p/protocol| src/consensus-controller.test.ts (14 tests) 270ms
 ✓ |@cp2p/protocol| src/count-state.test.ts (5 tests) 218ms
 ✓ |@cp2p/crypto| src/feldman.test.ts (7 tests) 192ms
 ✓ |@cp2p/protocol| src/count-contributions.test.ts (8 tests) 198ms
 ✓ |@cp2p/p2p| src/web-rtc-transport.test.ts (15 tests) 211ms
 ✓ |@cp2p/sim| src/batch.test.ts (1 test) 187ms
 ✓ |@cp2p/protocol| src/count-reveal.test.ts (5 tests) 153ms
 ✓ |@cp2p/p2p| src/peer-link.test.ts (27 tests) 146ms
 ✓ |@cp2p/protocol| src/log.test.ts (6 tests) 129ms
 ✓ |@cp2p/protocol| src/replay.test.ts (4 tests) 136ms
 ✓ |@cp2p/protocol| src/deck-inbox.test.ts (4 tests) 133ms
 ✓ |@cp2p/protocol| src/proposal.test.ts (6 tests) 137ms
 ✓ |@cp2p/protocol| src/control.test.ts (5 tests) 143ms
 ✓ |@cp2p/protocol| src/steal-proof-cache.test.ts (1 test) 90ms
 ✓ |@cp2p/protocol| src/beacon-state.test.ts (5 tests) 96ms
 ✓ |@cp2p/protocol| src/genesis-encryption.test.ts (4 tests) 100ms
 ✓ |@cp2p/crypto| src/seal.test.ts (7 tests) 70ms
 ✓ |@cp2p/crypto| src/sigma.test.ts (11 tests) 82ms
 ✓ |@cp2p/signaling| src/room-core.test.ts (10 tests) 76ms
 ✓ |@cp2p/protocol| src/testing/simulation-genesis.test.ts (10 tests) 72ms
 ✓ |@cp2p/protocol| src/beacon.test.ts (4 tests) 64ms
 ✓ |@cp2p/protocol| src/beacon-contributions.test.ts (7 tests) 76ms
 ✓ |@cp2p/protocol| src/beacon-extension.test.ts (5 tests) 66ms
 ✓ |@cp2p/storage| src/indexed-db-protocol-journal.test.ts (6 tests) 91ms
 ✓ |@cp2p/p2p| src/server-signaling.test.ts (7 tests) 71ms
 ✓ |@cp2p/protocol| src/journal.test.ts (5 tests) 71ms
 ✓ |@cp2p/engine| src/modules/base/awards/index.test.ts (7 tests) 60ms
 ✓ |@cp2p/protocol| src/authority.test.ts (4 tests) 60ms
 ✓ |@cp2p/protocol| src/trade-proof-network.test.ts (2 tests) 61ms
 ✓ |@cp2p/protocol| src/escrow-roster.test.ts (9 tests) 59ms
 ✓ |@cp2p/crypto| src/identity.test.ts (6 tests) 50ms
 ✓ |@cp2p/sim| src/net-adversary.test.ts (1 test) 56ms
 ✓ |@cp2p/protocol| src/testing/simulation-driver.test.ts (5 tests) 49ms
 ✓ |@cp2p/signaling| src/server.test.ts (4 tests) 43ms
 ✓ |@cp2p/protocol| src/votes.test.ts (5 tests) 47ms
 ✓ |@cp2p/p2p| src/framing.test.ts (7 tests) 47ms
 ✓ |@cp2p/sim| src/provenance.test.ts (1 test) 45ms
 ✓ |@cp2p/web| src/session/local-session.test.ts (7 tests) 57ms
 ✓ |@cp2p/protocol| src/hand-commitments.test.ts (4 tests) 47ms
 ✓ |@cp2p/engine| src/modules/base/placement/batch.test.ts (1 test) 44ms
 ✓ |@cp2p/sim| src/replay.test.ts (8 tests) 38ms
 ✓ |@cp2p/protocol| src/deck-draw-context.test.ts (2 tests) 41ms
 ✓ |@cp2p/web| src/features/game/stats.test.ts (4 tests) 42ms
 ❯ |@cp2p/web| src/session/audit-worker-client.test.ts (5 tests | 1 failed) 53ms
   ✓ session audit worker adapter > correlates the response and transfers an owned master copy 26ms
   ✓ session audit worker adapter > cancellation rejects, terminates, and erases the transferred copy 7ms
   × session audit worker adapter > worker errors reject and release the job 7ms
     → ErrorEvent is not defined
   ✓ session audit worker adapter > a failed postMessage rejects and erases copied secrets 5ms
   ✓ session audit worker adapter > a failed master copy wipes all owned input buffers and prior copies 7ms
 ✓ |@cp2p/p2p| src/signaling-envelope.test.ts (3 tests) 31ms
 ✓ |@cp2p/bots| src/random-bot.test.ts (5 tests) 37ms
 ✓ |@cp2p/web| src/queries/transfers.test.ts (2 tests) 34ms
 ✓ |@cp2p/web| src/store/session-store.test.ts (9 tests) 34ms
 ✓ |@cp2p/engine| src/modules/base/rules.test.ts (21 tests) 28ms
 ✓ |@cp2p/crypto| src/group.test.ts (8 tests) 27ms
 ✓ |@cp2p/protocol| src/deck-source.test.ts (4 tests) 29ms
 ✓ |@cp2p/engine| src/modules/base/base.test.ts (2 tests) 22ms
 ✓ |@cp2p/protocol| src/resource-accounting.test.ts (5 tests) 22ms
 ✓ |@cp2p/engine| src/modules/base/effects.test.ts (10 tests) 22ms
 ✓ |@cp2p/engine| src/modules/base/test/robber-timeout.test.ts (17 tests) 20ms
 ✓ |@cp2p/protocol| src/wire.test.ts (7 tests) 9ms
 ✓ |@cp2p/engine| src/core/pipeline/engine.test.ts (22 tests) 19ms
 ✓ |@cp2p/engine| src/core/rng/index.test.ts (5 tests) 19ms
 ✓ |@cp2p/engine| src/core/enumerate.test.ts (3 tests) 17ms
 ✓ |@cp2p/engine| src/modules/base/test/legal.test.ts (8 tests) 15ms
 ✓ |@cp2p/protocol| src/messages.test.ts (17 tests) 18ms
 ✓ |@cp2p/crypto| src/hash-chain.test.ts (3 tests) 18ms
 ✓ |@cp2p/engine| src/modules/base/test/negative-rules.test.ts (4 tests) 14ms
 ✓ |@cp2p/web| src/features/board/toRenderModel.test.ts (3 tests) 12ms
 ✓ |@cp2p/web| src/features/game/save-coordinator.test.ts (1 test) 12ms
 ✓ |@cp2p/web| src/features/game/session-registry.test.ts (1 test) 12ms
 ✓ |@cp2p/engine| src/modules/base/test/options-invariants.test.ts (10 tests) 12ms
 ✓ |@cp2p/protocol| src/random-derivations.test.ts (11 tests) 13ms
 ✓ |@cp2p/storage| src/indexed-db-byte-store.test.ts (9 tests) 12ms
 ✓ |@cp2p/web| src/features/game/visual-effects.test.ts (3 tests) 11ms
 ✓ |@cp2p/protocol| src/steal-source.test.ts (4 tests) 10ms
 ✓ |@cp2p/crypto| src/derivation.test.ts (5 tests) 8ms
 ✓ |@cp2p/protocol| src/schemas.test.ts (5 tests) 8ms
 ✓ |@cp2p/protocol| src/beacon-source.test.ts (4 tests) 11ms
 ✓ |@cp2p/engine| src/modules/base/placement/index.test.ts (4 tests) 8ms
 ✓ |@cp2p/protocol| src/hand-source.test.ts (3 tests) 7ms
 ✓ |@cp2p/web| src/session/random.test.ts (3 tests) 6ms
 ✓ |@cp2p/engine| src/core/pipeline/input-keys.test.ts (5 tests) 6ms
 ✓ |@cp2p/protocol| src/testing/memnet.test.ts (10 tests) 6ms
 ✓ |@cp2p/sim| src/random-source.test.ts (2 tests) 6ms
 ✓ |@cp2p/crypto| src/uniform.test.ts (3 tests) 5ms
 ✓ |@cp2p/maps| src/index.test.ts (2 tests) 6ms
 ✓ |@cp2p/protocol| src/engine-codec.test.ts (1 test) 5ms
 ✓ |@cp2p/codec| src/canonical.test.ts (8 tests) 5ms
stdout | src/features/game/event-format.test.ts
🌐 i18next is made possible by our own product, Locize — consider powering your project with managed localization (AI, CDN, integrations): https://locize.com 💙

 ✓ |@cp2p/web| src/features/game/event-format.test.ts (3 tests) 5ms
 ✓ |@cp2p/web| src/features/actions/availability.test.ts (3 tests) 4ms
 ✓ |@cp2p/renderer| src/harborLayout.test.ts (3 tests) 4ms
 ✓ |@cp2p/storage| src/game-writer.test.ts (5 tests) 4ms
 ✓ |@cp2p/engine| src/modules/base/board/index.test.ts (2 tests) 3ms
 ✓ |@cp2p/engine| src/core/modules/registry.test.ts (4 tests) 3ms
 ✓ |@cp2p/web| src/queries/hooks.test.ts (1 test) 3ms
 ✓ |@cp2p/protocol| src/safety-store.test.ts (5 tests) 3ms
 ✓ |@cp2p/renderer| src/tokenLayout.test.ts (3 tests) 3ms
 ✓ |@cp2p/sim| src/net-batch.test.ts (14 tests) 4ms
 ✓ |@cp2p/engine| src/core/state/json.test.ts (3 tests) 2ms
 ✓ |@cp2p/protocol| src/testing/virtual-clock.test.ts (5 tests) 3ms
 ✓ |@cp2p/engine| src/core/state/json-validation.test.ts (1 test) 2ms
 ✓ |@cp2p/renderer| src/input/hitTest.test.ts (4 tests) 2ms
 ✓ |@cp2p/engine| src/core/resources/counts-cache.test.ts (1 test) 2ms
 ✓ |@cp2p/protocol| src/bot-pending.test.ts (4 tests) 1ms
 ✓ |@cp2p/web| src/features/game/placement-confirmation-layout.test.ts (1 test) 2ms
 ✓ |@cp2p/web| src/session/scheduling.test.ts (2 tests) 2ms
 ✓ |@cp2p/renderer| src/effectMotion.test.ts (2 tests) 2ms
 ✓ |@cp2p/renderer| src/appearance.test.ts (2 tests) 2ms
 ✓ |@cp2p/renderer| src/assets/terrainTextures.test.ts (4 tests) 2ms
 ✓ |@cp2p/renderer| src/input/camera.test.ts (3 tests) 1ms
 ✓ |@cp2p/p2p| src/index.test.ts (1 test) 1ms
 ✓ |@cp2p/bots| src/index.test.ts (1 test) 1ms
 ✓ |@cp2p/protocol| src/index.test.ts (1 test) 1ms
 ✓ |@cp2p/engine| src/index.test.ts (1 test) 1ms
 ✓ |@cp2p/codec| src/index.test.ts (1 test) 1ms
 ✓ |@cp2p/storage| src/index.test.ts (1 test) 1ms
 ✓ |@cp2p/renderer| src/index.test.ts (1 test) 1ms
 ✓ |@cp2p/crypto| src/index.test.ts (1 test) 1ms
stdout | src/features/board/BoardView.test.tsx
🌐 i18next is made possible by our own product, Locize — consider powering your project with managed localization (AI, CDN, integrations): https://locize.com 💙

stdout | src/features/trade/trade.test.tsx
🌐 i18next is made possible by our own product, Locize — consider powering your project with managed localization (AI, CDN, integrations): https://locize.com 💙

stdout | src/features/dialogs/forms.test.tsx
🌐 i18next is made possible by our own product, Locize — consider powering your project with managed localization (AI, CDN, integrations): https://locize.com 💙

 ✓ |@cp2p/web| src/features/board/BoardView.test.tsx (3 tests) 149ms
 ✓ |@cp2p/web| src/features/dialogs/forms.test.tsx (4 tests) 81ms
 ✓ |@cp2p/web| src/features/trade/trade.test.tsx (6 tests) 114ms
stdout | src/features/game/DiceRollReadout.test.tsx
🌐 i18next is made possible by our own product, Locize — consider powering your project with managed localization (AI, CDN, integrations): https://locize.com 💙

 ✓ |@cp2p/web| src/features/game/DiceRollReadout.test.tsx (2 tests) 20ms
stdout | src/features/devtools/devtools.test.tsx
🌐 i18next is made possible by our own product, Locize — consider powering your project with managed localization (AI, CDN, integrations): https://locize.com 💙

 ✓ |@cp2p/web| src/queries/replay-query.test.tsx (1 test) 71ms
 ✓ |@cp2p/web| src/features/devtools/devtools.test.tsx (2 tests) 74ms
 ✓ |@cp2p/web| src/features/game/production-receipts.test.tsx (3 tests) 19ms
 ✓ |@cp2p/web| src/config.test.ts (1 test) 1ms
 ✓ |@cp2p/web| src/queries/repositories/repositories.test.ts (5 tests) 4ms
 ✓ |@cp2p/web| src/session/audit-worker-job.test.ts (2 tests) 45104ms
   ✓ base audit worker policy > audits a real certified terminal history using built-in proof verification  5683ms

⎯⎯⎯⎯⎯⎯⎯ Failed Tests 1 ⎯⎯⎯⎯⎯⎯⎯

 FAIL  |@cp2p/web| src/session/audit-worker-client.test.ts > session audit worker adapter > worker errors reject and release the job
ReferenceError: ErrorEvent is not defined
 ❯ src/session/audit-worker-client.test.ts:138:30
    136|     const worker = new FakeWorker();
    137|     const job = createSessionAuditJob(input(), () => worker);
    138|     worker.emit('error', new ErrorEvent('error', { message: 'worker cr…
       |                              ^
    139| 
    140|     await expect(job.result).rejects.toThrow('worker crashed');

⎯⎯⎯⎯⎯⎯⎯⎯⎯⎯⎯⎯⎯⎯⎯⎯⎯⎯⎯⎯⎯⎯⎯⎯[1/1]⎯


 Test Files  1 failed | 188 passed (189)
      Tests  1 failed | 1121 passed | 1 skipped (1123)
   Start at  05:22:00
   Duration  230.80s (transform 4.69s, setup 0ms, collect 23.93s, tests 747.99s, environment 1.21s, prepare 6.09s)

 ELIFECYCLE  Test failed. See above for more details.
 ELIFECYCLE  Command failed with exit code 1.
